c:\users\lenovo\downloads\project quadrata\project quadrata\project quadrata\x64\debug\vc145.pdb
c:\users\lenovo\downloads\project quadrata\project quadrata\project quadrata\x64\debug\vc145.idb
c:\users\lenovo\downloads\project quadrata\project quadrata\project quadrata\x64\debug\userclasses.obj
c:\users\lenovo\downloads\project quadrata\project quadrata\project quadrata\x64\debug\systemlogger.obj
c:\users\lenovo\downloads\project quadrata\project quadrata\project quadrata\x64\debug\inventory.obj
c:\users\lenovo\downloads\project quadrata\project quadrata\project quadrata\x64\debug\recipetgenrator.obj
c:\users\lenovo\downloads\project quadrata\project quadrata\project quadrata\x64\debug\tester.obj
c:\users\lenovo\downloads\project quadrata\project quadrata\project quadrata\x64\debug\reviewmanger.obj
c:\users\lenovo\downloads\project quadrata\project quadrata\project quadrata\x64\debug\pricingengine&discount&cancel.obj
c:\users\lenovo\downloads\project quadrata\project quadrata\project quadrata\x64\debug\paymentgatewaymock.obj
c:\users\lenovo\downloads\project quadrata\project quadrata\project quadrata\x64\debug\inventorysearchengine.obj
c:\users\lenovo\downloads\project quadrata\project quadrata\project quadrata\x64\debug\bookingprocessor.obj
c:\users\lenovo\downloads\project quadrata\project quadrata\project quadrata\x64\debug\authenticationservice.obj
c:\users\lenovo\downloads\project quadrata\project quadrata\project quadrata\x64\debug\ui.obj
c:\users\lenovo\downloads\project quadrata\project quadrata\project quadrata\x64\debug\sessionmanager.obj
c:\users\lenovo\downloads\project quadrata\project quadrata\project quadrata\x64\debug\datacollector.obj
c:\users\lenovo\downloads\project quadrata\project quadrata\x64\debug\project quadrata.exe
c:\users\lenovo\downloads\project quadrata\project quadrata\x64\debug\project quadrata.pdb
c:\users\lenovo\downloads\project quadrata\project quadrata\project quadrata\x64\debug\project quadrata.ilk
c:\users\lenovo\downloads\project quadrata\project quadrata\project quadrata\x64\debug\project quadrata.tlog\cl.command.1.tlog
c:\users\lenovo\downloads\project quadrata\project quadrata\project quadrata\x64\debug\project quadrata.tlog\cl.items.tlog
c:\users\lenovo\downloads\project quadrata\project quadrata\project quadrata\x64\debug\project quadrata.tlog\cl.read.1.tlog
c:\users\lenovo\downloads\project quadrata\project quadrata\project quadrata\x64\debug\project quadrata.tlog\cl.write.1.tlog
c:\users\lenovo\downloads\project quadrata\project quadrata\project quadrata\x64\debug\project quadrata.tlog\link.command.1.tlog
c:\users\lenovo\downloads\project quadrata\project quadrata\project quadrata\x64\debug\project quadrata.tlog\link.read.1.tlog
c:\users\lenovo\downloads\project quadrata\project quadrata\project quadrata\x64\debug\project quadrata.tlog\link.secondary.1.tlog
c:\users\lenovo\downloads\project quadrata\project quadrata\project quadrata\x64\debug\project quadrata.tlog\link.write.1.tlog
